#include <stdint.h>
#include <stdio.h>
#include <inttypes.h>
int main(){
int64_t i;
int64_t v11;
int64_t v22;
int64_t v33;
int64_t v3;
int64_t v5;
int64_t v6;
int v7;
int64_t v8;
int64_t v9;
int64_t v10;
int64_t v12;
i = 0;
int v0[3];
int v1[3];
int v2[3];
v11 = 0;
v22 = 1;
v33 = 2;
v3 = 5;
v0[v11] = v3;
v3 = 4;
v0[v22] = v3;
v3 = 8;
v0[v33] = v3;
v3 = 5;
v1[v11] = v3;
v3 = 4;
v1[v22] = v3;
v3 = 8;
v1[v33] = v3;
for.cond:;
v5 = i;
v6 = 3;
v7 = v5 < v6;
if(v7)
    goto for.body;
else
    goto for.end;
for.body:;
v8 = v0[i];
v9 = v1[i];
v10 = v8 + v9;
v2[i] = v10;
v12 = i + v22;
i = v12;
goto for.cond;
for.end:;
v11 = v2[v22];
printf("%" PRId64 "\n", v11);
return 0;
}
