main {
  v0: double = const 5;
  value: double = id v0;
  v2: double = id value;
  v3: double = const 3;
  v4: double = fadd v2 v3;
  v5: double = const 6;
  v6: bool = flt v4 v5;
  br v6 then.1 else.1;
then.1:
  v7: double = const 1;
  print v7;
  v8: int = const 0;
  jmp endif.1;
else.1:
  v9: double = const 2;
  print v9;
  v10: int = const 0;
endif.1:
}
