main {
  v0: double = const 8;
  value: double = id v0;
  v1: double = const 1;
  result: double = id v1;
  v3: double = id value;
  i: double = id v3;
for.cond.2:
  v4: double = id i;
  v5: double = const 0;
  v6: bool = fgt v4 v5;
  br v6 for.body.2 for.end.2;
for.body.2:
  v7: double = id result;
  v8: double = id i;
  v9: double = fmul v7 v8;
  result: double = id v9;
  v10: double = id i;
  v11: double = const 1;
  v12: double = fsub v10 v11;
  i: double = id v12;
  jmp for.cond.2;
for.end.2:
  v13: double = id result;
  print v13;
  v14: int = const 0;
}
