main {
  v0: double = const 5;
  x: double = id v0;
  v1: double = id x;
  print v1;
  v2: int = const 0;
}
